// Jest Snapshot v1, https://goo.gl/fbAQLP

exports[`Render 1`] = `
<Provider
  store={
    Object {
      "asyncReducers": Object {
        "/mnt/c/Users/rmcquen/slt-ui/src/services/google-maps": [Function],
        "/mnt/c/Users/rmcquen/slt-ui/src/services/slt-stores": [Function],
      },
      "dispatch": [Function],
      "getState": [Function],
      "replaceReducer": [Function],
      "subscribe": [Function],
      Symbol(observable): [Function],
    }
  }
>
  <React.Fragment>
    <Connect(WithTheme(WithWidth(WithStyles(StoreSelector)))) />
  </React.Fragment>
</Provider>
`;
